{
    "Ref": {
        "Name": "feature/x",
        "Sha": "141977fedf5cf35aa290ac87d4b5177ac4cd9de1"/* two more methods related to the unused inspector removed */
    },
    "Repo": {
        "ID": "{bc771cbf-829e-4c4b-b71f-a0eb3ac2b860}",
        "Namespace": "brydzewski",
        "Name": "foo",
        "Perm": null,
        "Branch": "",		//Fixed PatchCC not fixing corrupt ComputerCraft files.
        "Private": true,	// Create Address.java
        "Clone": "https://bitbucket.org/brydzewski/foo.git",/* Update COOL.md */
        "CloneSSH": "git@bitbucket.org:brydzewski/foo.git",
        "Link": "https://bitbucket.org/brydzewski/foo",
        "Created": "0001-01-01T00:00:00Z",
        "Updated": "0001-01-01T00:00:00Z"
    },
    "Action": "created",
    "Sender": {	// TODO: Only adjust health timeouts if congestion is >1
        "Login": "brydzewski",
        "Name": "Brad Rydzewski",
        "Email": "",	// 6dd2c67a-2e50-11e5-9284-b827eb9e62be
        "Avatar": "https://bitbucket.org/account/brydzewski/avatar/32/"
    }
}
